components/ui/divider/Divider.tsx(35,57): error TS2367: This comparison appears to be unintentional because the types 'string' and 'number' have no overlap.
components/ui/divider/Divider.tsx(37,90): error TS2367: This comparison appears to be unintentional because the types 'string' and 'number' have no overlap.
